
> ideaforge-vision@0.1.0 build
> vite build

node.exe : [33mThe CJS build of Vite's Node API is 
deprecated. See https://vite.dev/guide/troubleshooti
ng.html#vite-cjs-node-api-deprecated for more 
details.[39m
At line:1 char:1
+ & "C:\Program Files\nodejs/node.exe" "C:\Program 
Files\nodejs/node_mo ...
+ ~~~~~~~~~~~~~~~~~~~~~~~~~~~~~~~~~~~~~~~~~~~~~~~~~~
~~~~~~~~~~~~~~~~~~~
    + CategoryInfo          : NotSpecified: 
([33mTh    e CJS bu...e details.[39m:String) [], 
RemoteExc    eption
    + FullyQualifiedErrorId : NativeCommandError
 
[36mvite v5.4.21 [32mbuilding for production...[36m[39m
transforming...
[32mΓ£ô[39m 35 modules transformed.
[31mx[39m Build failed in 1.80s
[31merror during build:
[31m[vite:esbuild] Transform failed with 1 error:
C:/Users/srina/OneDrive/IdeaForge/src/services/gemin
iService.ts:51:4: ERROR: Expected "finally" but 
found "for"[31m
file: [36mC:/Users/srina/OneDrive/IdeaForge/src/ser
vices/geminiService.ts:51:4[31m
[33m
[33mExpected "finally" but found "for"[33m
49 |      
50 |      // Apply patent classes
51 |      for (let i = 0; i < patentCount; i++) {
   |      ^
52 |        const nodeId = String.fromCharCode(74 + 
i)
53 |        diagram += `    class ${nodeId} 
patent\n`
[31m
    at failureErrorWithLog (C:\Users\srina\OneDrive\
IdeaForge\node_modules\esbuild\lib\main.js:1472:15)
    at C:\Users\srina\OneDrive\IdeaForge\node_module
s\esbuild\lib\main.js:755:50
    at responseCallbacks.<computed> (C:\Users\srina\
OneDrive\IdeaForge\node_modules\esbuild\lib\main.js:
622:9)
    at handleIncomingPacket (C:\Users\srina\OneDrive
\IdeaForge\node_modules\esbuild\lib\main.js:677:12)
    at Socket.readFromStdout (C:\Users\srina\OneDriv
e\IdeaForge\node_modules\esbuild\lib\main.js:600:7)
    at Socket.emit (node:events:507:28)
    at addChunk 
(node:internal/streams/readable:559:12)
    at readableAddChunkPushByteMode 
(node:internal/streams/readable:510:3)
    at Readable.push 
(node:internal/streams/readable:390:5)
    at Pipe.onStreamRead 
(node:internal/stream_base_commons:189:23)[39m
